Most consulted urls :
 1 : /page2.html (3 hits)
 2 : /image.jpg (1 hits)
     /page1.html (1 hits)
