Warning : a line of test.log is not valid
Warning : a line of test.log is not valid
Warning : a line of test.log is not valid
