Warning : a line of ../../LogFilesTests/log4.log is not valid

