Info : only hits between 12h and 13h have been taken into account

Info : special extensions defined in config file were ignored

Dot-file graphe.dot generated

Most consulted urls :
 1 : /SiteWebIF/Intranet-etudiant.php (18 hits)
 2 : /temps/3IF1.ics (5 hits)
 3 : /notesif (4 hits)
     /notesif/ (4 hits)
 5 : /temps/ (2 hits)
     /temps/4IF1.ics (2 hits)
     /temps/4IF3.ics (2 hits)
     /temps/4IF4.ics (2 hits)
 9 : / (1 hits)
     /notesif/RSS/RSS_3IF.xml (1 hits)
     /notesif/RSS/RSS_4IF.xml (1 hits)
     /stages/Listestage.php (1 hits)
     /stages/descriptif/MEDIAL.pdf (1 hits)
     /temps/3IF2.ics (1 hits)
     /temps/3IF37.html (1 hits)
     /temps/3IF38.html (1 hits)
     /temps/3IF39.html (1 hits)
     /temps/3IF40.html (1 hits)
     /temps/3IF44.html (1 hits)
     /temps/4IF44.html (1 hits)
     /temps/GO.ics (1 hits)
     /temps/index.html (1 hits)
