Info : special extensions defined in config file were ignored

Most consulted urls :
 1 : /SiteWebIF/Intranet-etudiant.php (80 hits)
 2 : /notesif/ (26 hits)
 3 : /notesif (23 hits)
 4 : /temps/3IF1.ics (19 hits)
 5 : /temps/ (16 hits)
 6 : /temps/3IF37.html (12 hits)
 7 : /temps/3IF38.html (11 hits)
 8 : /temps/3IF39.html (9 hits)
 9 : / (8 hits)
10 : /temps/4IF4.ics (7 hits)
