Error: No such file (../../LogFilesTests/log92.log)

