Most consulted urls :                                     
 1 : /temps/4IF17.html (3 hits)
 2 : /temps/4IF19.html (2 hits)
 3 : /temps/ (1 hits)
     /temps/3IF38.html (1 hits)

