Most consulted urls :
 1 : /page2.html (3 hits)
 2 : /image.jpg (2 hits)
     /page1.html (2 hits)
 4 : /page3.html (1 hits)
