Info : only hits between 12h and 13h have been taken into account

Most consulted urls :
 1 : /SiteWebIF/Intranet-etudiant.php (18 hits)
 2 : /temps/3IF1.ics (5 hits)
 3 : /notesif (4 hits)
     /notesif/ (4 hits)
 5 : /cas/themes/insa/media/favicon.ico (3 hits)
 6 : /temps/ (2 hits)
     /temps/4IF1.ics (2 hits)
     /temps/4IF3.ics (2 hits)
     /temps/4IF4.ics (2 hits)
     /temps/FondInsa.jpg (2 hits)
