Most consulted urls :                                     
 1 : /temps/4IF4.html (12 hits)
 2 : /temps/4IF49.html (11 hits)
 3 : /temps/4IF54.html (10 hits)
 4 : /temps/4IF51.html (8 hits)
 5 : /temps/4IF46.html (6 hits)
 6 : /temps/4IF41.html (5 hits)
 7 : /temps/4IF42.html (4 hits)
 8 : /temps/4IF17.html (3 hits)
 9 : /temps/4IF19.html (2 hits)
10 : /temps/ (1 hits)
     /temps/3IF38.html (1 hits)
