Most consulted urls :                                     
1 : /SiteWebIF/Intranet-etudiant.php (80 hits)
2 : /notesif/ (26 hits)
3 : /notesif (23 hits)
4 : /temps/3IF1.ics (19 hits)
5 : /temps/FondInsa.jpg (18 hits)
6 : /temps/InsaIF.ico (17 hits)
7 : /temps/ (16 hits)

