Warning: ok ok you really want to exclude those extensions

